Microchip MPLAB XC8 Compiler V2.20

Linker command line:

-W-3 --edf=C:\Program Files\Microchip\xc8\v2.20\pic\dat\en_msgs.txt -cn \
  -h+dist/default/production\AG_demo_Touch_Read.X.production.sym \
  --cmf=dist/default/production\AG_demo_Touch_Read.X.production.cmf -z \
  -Q16LF1509 -oC:\Users\user\AppData\Local\Temp\s34o.2 \
  --defsym=__MPLAB_BUILD=1 \
  -Mdist/default/production/AG_demo_Touch_Read.X.production.map -E1 \
  -ver=XC8 Compiler --acfsm=1493 -ASTACK=0211Eh-02137h -pstack=STACK \
  -ACODE=00h-07FFhx4 -ASTRCODE=00h-01FFFh -ASTRING=00h-0FFhx32 \
  -ACONST=00h-0FFhx32 -AENTRY=00h-0FFhx32 -ACOMMON=070h-07Fh \
  -ABANK0=020h-06Fh -ABANK1=0A0h-0EFh -ABANK2=0120h-016Fh \
  -ABANK3=01A0h-01EFh -ABANK4=0220h-026Fh -ABANK5=02A0h-02EFh \
  -ABANK6=0320h-032Fh -ABIGRAM=02000h-021EFh \
  -ARAM=020h-06Fh,0A0h-0EFh,0120h-016Fh,01A0h-01EFh,0220h-026Fh,02A0h-02EFh,0320h-032Fh \
  -AABS1=020h-07Fh,0A0h-0EFh,0120h-016Fh,01A0h-01EFh,0220h-026Fh,02A0h-02EFh,0320h-032Fh \
  -ASFR0=00h-01Fh -ASFR1=080h-09Fh -ASFR2=0100h-011Fh -ASFR3=0180h-019Fh \
  -ASFR4=0200h-021Fh -ASFR5=0280h-029Fh -ASFR6=0300h-031Fh \
  -ASFR7=0380h-03EFh -ASFR8=0400h-046Fh -ASFR9=0480h-04EFh \
  -ASFR10=0500h-056Fh -ASFR11=0580h-05EFh -ASFR12=0600h-066Fh \
  -ASFR13=0680h-06EFh -ASFR14=0700h-076Fh -ASFR15=0780h-07EFh \
  -ASFR16=0800h-086Fh -ASFR17=0880h-08EFh -ASFR18=0900h-096Fh \
  -ASFR19=0980h-09EFh -ASFR20=0A00h-0A6Fh -ASFR21=0A80h-0AEFh \
  -ASFR22=0B00h-0B6Fh -ASFR23=0B80h-0BEFh -ASFR24=0C00h-0C6Fh \
  -ASFR25=0C80h-0CEFh -ASFR26=0D00h-0D6Fh -ASFR27=0D80h-0DEFh \
  -ASFR28=0E00h-0E6Fh -ASFR29=0E80h-0EEFh -ASFR30=0F00h-0F6Fh \
  -ASFR31=0F80h-0FEFh -ACONFIG=08007h-08008h -DCONFIG=2 \
  -AIDLOC=08000h-08003h -DIDLOC=2 \
  -preset_vec=00h,intentry=04h,init,end_init -ppowerup=CODE -pcinit=CODE \
  -pfunctab=ENTRY -DCODE=2 -DSTRCODE=2 -DSTRING=2 -DCONST=2 -DENTRY=2 -k \
  C:\Users\user\AppData\Local\Temp\s34o.o \
  dist/default/production\AG_demo_Touch_Read.X.production.o 

Object code version is 3.11

Machine type is 16LF1509



                Name                               Link     Load   Length Selector   Space Scale
C:\Users\user\AppData\Local\Temp\s34o.o
                end_init                             1C       1C        2        8       0
                reset_vec                             0        0        2        0       0
                config                             8007     8007        2        0       4
dist/default/production\AG_demo_Touch_Read.X.production.o
                cinit                                1E       1E       3F        8       0
                intentry                              4        4       18        8       0
                config                             8007     8007        2        0       4
                text131                            1137     1137        1     226E       0
                text130                            119A     119A        B     2334       0
                text129                            128B     128B        F     2516       0
                text128                            11BB     11BB        C     2376       0
                text127                            1473     1473       13     28E6       0
                text126                            1651     1651       1C     2CA2       0
                text125                            129A     129A        F     2534       0
                text124                            12A9     12A9        F     2552       0
                text123                            12B8     12B8        F     2570       0
                text122                            12C7     12C7        F     258E       0
                text121                            12D6     12D6        F     25AC       0
                text120                            12E5     12E5        F     25CA       0
                text119                            12F4     12F4        F     25E8       0
                text118                            1512     1512       17     2A24       0
                text117                            1303     1303        F     2606       0
                text116                            1529     1529       17     2A52       0
                text115                            1312     1312        F     2624       0
                text114                            136C     136C       10     26D8       0
                text113                            1321     1321        F     2642       0
                text112                            137C     137C       10     26F8       0
                text111                            13BF     13BF       12     277E       0
                text110                            1330     1330        F     2660       0
                text109                            1557     1557       18     2AAE       0
                text108                            13D1     13D1       12     27A2       0
                text107                            133F     133F        F     267E       0
                text106                            156F     156F       18     2ADE       0
                text105                            11D3     11D3        D     23A6       0
                text104                            11E0     11E0        D     23C0       0
                text103                            11ED     11ED        D     23DA       0
                text102                            11FA     11FA        D     23F4       0
                text101                            1207     1207        D     240E       0
                text100                            1214     1214        D     2428       0
                text99                             1221     1221        D     2442       0
                text98                             14AC     14AC       14     2958       0
                text97                             122E     122E        D     245C       0
                text96                             14C0     14C0       14     2980       0
                text95                             123B     123B        D     2476       0
                text94                             126F     126F        E     24DE       0
                text93                             1248     1248        D     2490       0
                text92                             127D     127D        E     24FA       0
                text91                             13E3     13E3       12     27C6       0
                text90                             134E     134E        F     269C       0
                text89                             1587     1587       18     2B0E       0
                text88                             13F5     13F5       12     27EA       0
                text87                             135D     135D        F     26BA       0
                text86                             159F     159F       18     2B3E       0
                text85                             1602     1602       1A     2C04       0
                text84                             113B     113B        2     2276       0
                text83                             14D4     14D4       14     29A8       0
                text82                              898      898       3B     1130       0
                text81                              950      950       4E     12A0       0
                text80                             1138     1138        1     2270       0
                text79                              3F9      3F9      1F7        8       0
                text78                             11A5     11A5        B     234A       0
                text77                             114C     114C        4     2298       0
                text75                             138C     138C       11     2718       0
                text74                             1407     1407       12     280E       0
                text73                             1419     1419       12     2832       0
                text72                              D86      D86       94     1B0C       0
                text71                             15B7     15B7       19     2B6E       0
                text70                              8D3      8D3       3D     11A6       0
                text69                             113D     113D        3     227A       0
                text68                              B8D      B8D       76     171A       0
                text67                              C03      C03       76     1806       0
                text66                             1172     1172        A     22E4       0
                text65                              85E      85E       3A     10BC       0
                text64                              99E      99E       4E     133C       0
                text63                             1255     1255        D     24AA       0
                text62                              5F0      5F0       D0        8       0
                text61                             1746     1746       23     2E8C       0
                text60                             14E8     14E8       15     29D0       0
                text59                             117C     117C        A     22F8       0
                text58                             1186     1186        A     230C       0
                text57                             142B     142B       12     2856       0
                text56                             143D     143D       12     287A       0
                text55                             139D     139D       11     273A       0
                text54                             1636     1636       1B     2C6C       0
                text53                              E1A      E1A       A0     1C34       0
                text52                             16C2     16C2       20     2D84       0
                text51                              AA8      AA8       72     1550       0
                text50                             178C     178C       24     2F18       0
                text49                             11B0     11B0        B     2360       0
                text48                             116A     116A        8     22D4       0
                text47                             17B0     17B0       27     2F60       0
                text46                             16A5     16A5       1D     2D4A       0
                text45                             1262     1262        D     24C4       0
                text44                             1140     1140        3     2280       0
                text43                             1540     1540       17     2A80       0
                text42                              B1A      B1A       73     1634       0
                text41                             1143     1143        3     2286       0
                text40                             144F     144F       12     289E       0
                text39                              F5A      F5A       A6     1EB4       0
                text38                             1486     1486       13     290C       0
                text37                              77D      77D       83        8       0
                text36                             13AE     13AE       11     275C       0
                text35                              EBA      EBA       A0     1D74       0
                text34                              CF8      CF8       8E     19F0       0
                text33                              809      809       2A     1012       0
                text32                              6C0      6C0       BD        8       0
                text31                               5D       5D      39C        8       0
                text30                             166D     166D       1C     2CDA       0
                text29                             1139     1139        1     2272       0
                text28                             1769     1769       23     2ED2       0
                text27                             1724     1724       22     2E48       0
                text26                             113A     113A        1     2274       0
                text25                              800      800        1        8       0
                text24                             17D7     17D7       29     2FAE       0
                text23                             1689     1689       1C     2D12       0
                text22                             16E2     16E2       21     2DC4       0
                text21                             1703     1703       21     2E06       0
                text20                             1146     1146        3     228C       0
                text19                             1149     1149        3     2292       0
                text18                             1154     1154        5     22A8       0
                text17                             1159     1159        5     22B2       0
                text16                              833      833       2B     1066       0
                text15                              910      910       40     1220       0
                text14                              C79      C79       7F     18F2       0
                text13                             1499     1499       13     2932       0
                text12                              9EC      9EC       56     13D8       0
                text11                             115E     115E        6     22BC       0
                text10                             1164     1164        6     22C8       0
                text9                              15D0     15D0       19     2BA0       0
                text8                              1190     1190        A     2320       0
                text7                               801      801        8     1002       0
                text6                              161C     161C       1A     2C38       0
                text5                              1461     1461       12     28C2       0
                text4                              1150     1150        4     22A0       0
                text3                              14FD     14FD       15     29FA       0
                text2                              15E9     15E9       19     2BD2       0
                text1                                 2        2        2        0       0
                maintext                            A42      A42       66     1484       0
                cstackBANK0                          20       20       2F       20       1
                cstackCOMMON                         75       75        5       70       1
                cstackBANK2                         16A      16A        4      120       1
                clrtext                            11C7     11C7        C     238E       0
                bssBANK3                            1A0      1A0       2E      1A0       1
                bssBANK2                            120      120       44      120       1
                bssBANK1                             A0       A0       50       A0       1
                bssBANK0                             4F       4F       21       20       1
                bssCOMMON                            70       70        5       70       1
                nvBANK2                             164      164        6      120       1
                stringtext7                        185A     185A        4     3000       0
                stringtext6                        1856     1856        4     3000       0
                stringtext5                        1852     1852        4     3000       0
                stringtext4                        184E     184E        4     3000       0
                stringtext3                        1835     1835       19     3000       0
                stringtext2                        181C     181C       19     3000       0
                stringtext1                        1800     1800       1C     3000       0

TOTAL           Name                               Link     Load   Length     Space
        CLASS   STACK          

        CLASS   CODE           
                end_init                             1C       1C        2         0
                cinit                                1E       1E       3F         0
                intentry                              4        4       18         0
                reset_vec                             0        0        2         0
                text131                            1137     1137        1         0
                text130                            119A     119A        B         0
                text129                            128B     128B        F         0
                text128                            11BB     11BB        C         0
                text127                            1473     1473       13         0
                text126                            1651     1651       1C         0
                text125                            129A     129A        F         0
                text124                            12A9     12A9        F         0
                text123                            12B8     12B8        F         0
                text122                            12C7     12C7        F         0
                text121                            12D6     12D6        F         0
                text120                            12E5     12E5        F         0
                text119                            12F4     12F4        F         0
                text118                            1512     1512       17         0
                text117                            1303     1303        F         0
                text116                            1529     1529       17         0
                text115                            1312     1312        F         0
                text114                            136C     136C       10         0
                text113                            1321     1321        F         0
                text112                            137C     137C       10         0
                text111                            13BF     13BF       12         0
                text110                            1330     1330        F         0
                text109                            1557     1557       18         0
                text108                            13D1     13D1       12         0
                text107                            133F     133F        F         0
                text106                            156F     156F       18         0
                text105                            11D3     11D3        D         0
                text104                            11E0     11E0        D         0
                text103                            11ED     11ED        D         0
                text102                            11FA     11FA        D         0
                text101                            1207     1207        D         0
                text100                            1214     1214        D         0
                text99                             1221     1221        D         0
                text98                             14AC     14AC       14         0
                text97                             122E     122E        D         0
                text96                             14C0     14C0       14         0
                text95                             123B     123B        D         0
                text94                             126F     126F        E         0
                text93                             1248     1248        D         0
                text92                             127D     127D        E         0
                text91                             13E3     13E3       12         0
                text90                             134E     134E        F         0
                text89                             1587     1587       18         0
                text88                             13F5     13F5       12         0
                text87                             135D     135D        F         0
                text86                             159F     159F       18         0
                text85                             1602     1602       1A         0
                text84                             113B     113B        2         0
                text83                             14D4     14D4       14         0
                text82                              898      898       3B         0
                text81                              950      950       4E         0
                text80                             1138     1138        1         0
                text79                              3F9      3F9      1F7         0
                text78                             11A5     11A5        B         0
                text77                             114C     114C        4         0
                text75                             138C     138C       11         0
                text74                             1407     1407       12         0
                text73                             1419     1419       12         0
                text72                              D86      D86       94         0
                text71                             15B7     15B7       19         0
                text70                              8D3      8D3       3D         0
                text69                             113D     113D        3         0
                text68                              B8D      B8D       76         0
                text67                              C03      C03       76         0
                text66                             1172     1172        A         0
                text65                              85E      85E       3A         0
                text64                              99E      99E       4E         0
                text63                             1255     1255        D         0
                text62                              5F0      5F0       D0         0
                text61                             1746     1746       23         0
                text60                             14E8     14E8       15         0
                text59                             117C     117C        A         0
                text58                             1186     1186        A         0
                text57                             142B     142B       12         0
                text56                             143D     143D       12         0
                text55                             139D     139D       11         0
                text54                             1636     1636       1B         0
                text53                              E1A      E1A       A0         0
                text52                             16C2     16C2       20         0
                text51                              AA8      AA8       72         0
                text50                             178C     178C       24         0
                text49                             11B0     11B0        B         0
                text48                             116A     116A        8         0
                text47                             17B0     17B0       27         0
                text46                             16A5     16A5       1D         0
                text45                             1262     1262        D         0
                text44                             1140     1140        3         0
                text43                             1540     1540       17         0
                text42                              B1A      B1A       73         0
                text41                             1143     1143        3         0
                text40                             144F     144F       12         0
                text39                              F5A      F5A       A6         0
                text38                             1486     1486       13         0
                text37                              77D      77D       83         0
                text36                             13AE     13AE       11         0
                text35                              EBA      EBA       A0         0
                text34                              CF8      CF8       8E         0
                text33                              809      809       2A         0
                text32                              6C0      6C0       BD         0
                text31                               5D       5D      39C         0
                text30                             166D     166D       1C         0
                text29                             1139     1139        1         0
                text28                             1769     1769       23         0
                text27                             1724     1724       22         0
                text26                             113A     113A        1         0
                text25                              800      800        1         0
                text24                             17D7     17D7       29         0
                text23                             1689     1689       1C         0
                text22                             16E2     16E2       21         0
                text21                             1703     1703       21         0
                text20                             1146     1146        3         0
                text19                             1149     1149        3         0
                text18                             1154     1154        5         0
                text17                             1159     1159        5         0
                text16                              833      833       2B         0
                text15                              910      910       40         0
                text14                              C79      C79       7F         0
                text13                             1499     1499       13         0
                text12                              9EC      9EC       56         0
                text11                             115E     115E        6         0
                text10                             1164     1164        6         0
                text9                              15D0     15D0       19         0
                text8                              1190     1190        A         0
                text7                               801      801        8         0
                text6                              161C     161C       1A         0
                text5                              1461     1461       12         0
                text4                              1150     1150        4         0
                text3                              14FD     14FD       15         0
                text2                              15E9     15E9       19         0
                text1                                 2        2        2         0
                maintext                            A42      A42       66         0
                clrtext                            11C7     11C7        C         0

        CLASS   STRCODE        
                stringtext7                        185A     185A        4         0
                stringtext6                        1856     1856        4         0
                stringtext5                        1852     1852        4         0
                stringtext4                        184E     184E        4         0
                stringtext3                        1835     1835       19         0
                stringtext2                        181C     181C       19         0
                stringtext1                        1800     1800       1C         0

        CLASS   STRING         

        CLASS   CONST          

        CLASS   ENTRY          

        CLASS   COMMON         
                cstackCOMMON                         75       75        5         1
                bssCOMMON                            70       70        5         1

        CLASS   BANK0          
                cstackBANK0                          20       20       2F         1
                bssBANK0                             4F       4F       21         1

        CLASS   BANK1          
                bssBANK1                             A0       A0       50         1

        CLASS   BANK2          
                cstackBANK2                         16A      16A        4         1
                bssBANK2                            120      120       44         1
                nvBANK2                             164      164        6         1

        CLASS   BANK3          
                bssBANK3                            1A0      1A0       2E         1

        CLASS   BANK4          

        CLASS   BANK5          

        CLASS   BANK6          

        CLASS   BIGRAM         

        CLASS   RAM            

        CLASS   ABS1           
                abs_s1                               7E       7E        2         1
                abs_s1                              1E8      1E8        8         1
                abs_s1                              220      220       50         1
                abs_s1                              2A0      2A0       50         1
                abs_s1                              320      320       10         1
                abs_s1                             2138     2138        0         1
                abs_s1                             2194     2194        0         1

        CLASS   SFR0           

        CLASS   SFR1           

        CLASS   SFR2           

        CLASS   SFR3           

        CLASS   SFR4           

        CLASS   SFR5           

        CLASS   SFR6           

        CLASS   SFR7           

        CLASS   SFR8           

        CLASS   SFR9           

        CLASS   SFR10          

        CLASS   SFR11          

        CLASS   SFR12          

        CLASS   SFR13          

        CLASS   SFR14          

        CLASS   SFR15          

        CLASS   SFR16          

        CLASS   SFR17          

        CLASS   SFR18          

        CLASS   SFR19          

        CLASS   SFR20          

        CLASS   SFR21          

        CLASS   SFR22          

        CLASS   SFR23          

        CLASS   SFR24          

        CLASS   SFR25          

        CLASS   SFR26          

        CLASS   SFR27          

        CLASS   SFR28          

        CLASS   SFR29          

        CLASS   SFR30          

        CLASS   SFR31          

        CLASS   CONFIG         
                config                             8007     8007        2         4

        CLASS   IDLOC          

        CLASS   BANK31         

        CLASS   BANK30         

        CLASS   BANK29         

        CLASS   BANK28         

        CLASS   BANK27         

        CLASS   BANK26         

        CLASS   BANK25         

        CLASS   BANK24         

        CLASS   BANK23         

        CLASS   BANK22         

        CLASS   BANK21         

        CLASS   BANK20         

        CLASS   BANK19         

        CLASS   BANK18         

        CLASS   BANK17         

        CLASS   BANK16         

        CLASS   BANK15         

        CLASS   BANK14         

        CLASS   BANK13         

        CLASS   BANK12         

        CLASS   BANK11         

        CLASS   BANK10         

        CLASS   BANK9          

        CLASS   BANK8          

        CLASS   BANK7          

        CLASS   EEDATA         



SEGMENTS        Name                           Load    Length   Top    Selector   Space  Class     Delta

                reset_vec                      000000  000004  000004         0       0  CODE        2
                intentry                       000004  0007FD  000801         8       0  CODE        2
                cstackBANK0                    000020  000050  000070        20       1  BANK0       1
                bssCOMMON                      000070  00000A  00007A        70       1  COMMON      1
                bssBANK1                       0000A0  000050  0000F0        A0       1  BANK1       1
                bssBANK2                       000120  00004E  00016E       120       1  BANK2       1
                bssBANK3                       0001A0  00002E  0001CE       1A0       1  BANK3       1
                text7                          000801  000008  000809      1002       0  CODE        2
                text33                         000809  00002A  000833      1012       0  CODE        2
                text16                         000833  00002B  00085E      1066       0  CODE        2
                text65                         00085E  00003A  000898      10BC       0  CODE        2
                text82                         000898  00003B  0008D3      1130       0  CODE        2
                text70                         0008D3  00003D  000910      11A6       0  CODE        2
                text15                         000910  000040  000950      1220       0  CODE        2
                text81                         000950  00004E  00099E      12A0       0  CODE        2
                text64                         00099E  00004E  0009EC      133C       0  CODE        2
                text12                         0009EC  000056  000A42      13D8       0  CODE        2
                maintext                       000A42  000066  000AA8      1484       0  CODE        2
                text51                         000AA8  000072  000B1A      1550       0  CODE        2
                text42                         000B1A  000073  000B8D      1634       0  CODE        2
                text68                         000B8D  000076  000C03      171A       0  CODE        2
                text67                         000C03  000076  000C79      1806       0  CODE        2
                text14                         000C79  00007F  000CF8      18F2       0  CODE        2
                text34                         000CF8  00008E  000D86      19F0       0  CODE        2
                text72                         000D86  000094  000E1A      1B0C       0  CODE        2
                text53                         000E1A  0000A0  000EBA      1C34       0  CODE        2
                text35                         000EBA  0000A0  000F5A      1D74       0  CODE        2
                text39                         000F5A  0000A6  001000      1EB4       0  CODE        2
                text131                        001137  000001  001138      226E       0  CODE        2
                text80                         001138  000001  001139      2270       0  CODE        2
                text29                         001139  000001  00113A      2272       0  CODE        2
                text26                         00113A  000001  00113B      2274       0  CODE        2
                text84                         00113B  000002  00113D      2276       0  CODE        2
                text69                         00113D  000003  001140      227A       0  CODE        2
                text44                         001140  000003  001143      2280       0  CODE        2
                text41                         001143  000003  001146      2286       0  CODE        2
                text20                         001146  000003  001149      228C       0  CODE        2
                text19                         001149  000003  00114C      2292       0  CODE        2
                text77                         00114C  000004  001150      2298       0  CODE        2
                text4                          001150  000004  001154      22A0       0  CODE        2
                text18                         001154  000005  001159      22A8       0  CODE        2
                text17                         001159  000005  00115E      22B2       0  CODE        2
                text11                         00115E  000006  001164      22BC       0  CODE        2
                text10                         001164  000006  00116A      22C8       0  CODE        2
                text48                         00116A  000008  001172      22D4       0  CODE        2
                text66                         001172  00000A  00117C      22E4       0  CODE        2
                text59                         00117C  00000A  001186      22F8       0  CODE        2
                text58                         001186  00000A  001190      230C       0  CODE        2
                text8                          001190  00000A  00119A      2320       0  CODE        2
                text130                        00119A  00000B  0011A5      2334       0  CODE        2
                text78                         0011A5  00000B  0011B0      234A       0  CODE        2
                text49                         0011B0  00000B  0011BB      2360       0  CODE        2
                text128                        0011BB  00000C  0011C7      2376       0  CODE        2
                clrtext                        0011C7  00000C  0011D3      238E       0  CODE        2
                text105                        0011D3  00000D  0011E0      23A6       0  CODE        2
                text104                        0011E0  00000D  0011ED      23C0       0  CODE        2
                text103                        0011ED  00000D  0011FA      23DA       0  CODE        2
                text102                        0011FA  00000D  001207      23F4       0  CODE        2
                text101                        001207  00000D  001214      240E       0  CODE        2
                text100                        001214  00000D  001221      2428       0  CODE        2
                text99                         001221  00000D  00122E      2442       0  CODE        2
                text97                         00122E  00000D  00123B      245C       0  CODE        2
                text95                         00123B  00000D  001248      2476       0  CODE        2
                text93                         001248  00000D  001255      2490       0  CODE        2
                text63                         001255  00000D  001262      24AA       0  CODE        2
                text45                         001262  00000D  00126F      24C4       0  CODE        2
                text94                         00126F  00000E  00127D      24DE       0  CODE        2
                text92                         00127D  00000E  00128B      24FA       0  CODE        2
                text129                        00128B  00000F  00129A      2516       0  CODE        2
                text125                        00129A  00000F  0012A9      2534       0  CODE        2
                text124                        0012A9  00000F  0012B8      2552       0  CODE        2
                text123                        0012B8  00000F  0012C7      2570       0  CODE        2
                text122                        0012C7  00000F  0012D6      258E       0  CODE        2
                text121                        0012D6  00000F  0012E5      25AC       0  CODE        2
                text120                        0012E5  00000F  0012F4      25CA       0  CODE        2
                text119                        0012F4  00000F  001303      25E8       0  CODE        2
                text117                        001303  00000F  001312      2606       0  CODE        2
                text115                        001312  00000F  001321      2624       0  CODE        2
                text113                        001321  00000F  001330      2642       0  CODE        2
                text110                        001330  00000F  00133F      2660       0  CODE        2
                text107                        00133F  00000F  00134E      267E       0  CODE        2
                text90                         00134E  00000F  00135D      269C       0  CODE        2
                text87                         00135D  00000F  00136C      26BA       0  CODE        2
                text114                        00136C  000010  00137C      26D8       0  CODE        2
                text112                        00137C  000010  00138C      26F8       0  CODE        2
                text75                         00138C  000011  00139D      2718       0  CODE        2
                text55                         00139D  000011  0013AE      273A       0  CODE        2
                text36                         0013AE  000011  0013BF      275C       0  CODE        2
                text111                        0013BF  000012  0013D1      277E       0  CODE        2
                text108                        0013D1  000012  0013E3      27A2       0  CODE        2
                text91                         0013E3  000012  0013F5      27C6       0  CODE        2
                text88                         0013F5  000012  001407      27EA       0  CODE        2
                text74                         001407  000012  001419      280E       0  CODE        2
                text73                         001419  000012  00142B      2832       0  CODE        2
                text57                         00142B  000012  00143D      2856       0  CODE        2
                text56                         00143D  000012  00144F      287A       0  CODE        2
                text40                         00144F  000012  001461      289E       0  CODE        2
                text5                          001461  000012  001473      28C2       0  CODE        2
                text127                        001473  000013  001486      28E6       0  CODE        2
                text38                         001486  000013  001499      290C       0  CODE        2
                text13                         001499  000013  0014AC      2932       0  CODE        2
                text98                         0014AC  000014  0014C0      2958       0  CODE        2
                text96                         0014C0  000014  0014D4      2980       0  CODE        2
                text83                         0014D4  000014  0014E8      29A8       0  CODE        2
                text60                         0014E8  000015  0014FD      29D0       0  CODE        2
                text3                          0014FD  000015  001512      29FA       0  CODE        2
                text118                        001512  000017  001529      2A24       0  CODE        2
                text116                        001529  000017  001540      2A52       0  CODE        2
                text43                         001540  000017  001557      2A80       0  CODE        2
                text109                        001557  000018  00156F      2AAE       0  CODE        2
                text106                        00156F  000018  001587      2ADE       0  CODE        2
                text89                         001587  000018  00159F      2B0E       0  CODE        2
                text86                         00159F  000018  0015B7      2B3E       0  CODE        2
                text71                         0015B7  000019  0015D0      2B6E       0  CODE        2
                text9                          0015D0  000019  0015E9      2BA0       0  CODE        2
                text2                          0015E9  000019  001602      2BD2       0  CODE        2
                text85                         001602  00001A  00161C      2C04       0  CODE        2
                text6                          00161C  00001A  001636      2C38       0  CODE        2
                text54                         001636  00001B  001651      2C6C       0  CODE        2
                text126                        001651  00001C  00166D      2CA2       0  CODE        2
                text30                         00166D  00001C  001689      2CDA       0  CODE        2
                text23                         001689  00001C  0016A5      2D12       0  CODE        2
                text46                         0016A5  00001D  0016C2      2D4A       0  CODE        2
                text52                         0016C2  000020  0016E2      2D84       0  CODE        2
                text22                         0016E2  000021  001703      2DC4       0  CODE        2
                text21                         001703  000021  001724      2E06       0  CODE        2
                text27                         001724  000022  001746      2E48       0  CODE        2
                text61                         001746  000023  001769      2E8C       0  CODE        2
                text28                         001769  000023  00178C      2ED2       0  CODE        2
                text50                         00178C  000024  0017B0      2F18       0  CODE        2
                text47                         0017B0  000027  0017D7      2F60       0  CODE        2
                text24                         0017D7  000029  001800      2FAE       0  CODE        2
                stringtext1                    001800  00005E  00185E      3000       0  STRCODE     2


UNUSED ADDRESS RANGES

        Name                Unused          Largest block    Delta
        BANK2            0016E-0016F               2           1
        BANK3            001CE-001E7              1A           1
        BIGRAM           02000-021EF             1F0           1
        CODE             01000-01136             137           2
                         0185E-01FFF             7A2
        COMMON           0007A-0007D               4           1
        CONST            01000-01136             100           2
                         0185E-01FFF             100
        ENTRY            01000-01136             100           2
                         0185E-01FFF             100
        IDLOC            08000-08003               4           2
        RAM              0016E-0016F               2           1
                         001CE-001E7              1A
        SFR0             00000-0001F              20           1
        SFR1             00080-0009F              20           1
        SFR10            00500-0056F              70           1
        SFR11            00580-005EF              70           1
        SFR12            00600-0066F              70           1
        SFR13            00680-006EF              70           1
        SFR14            00700-0076F              70           1
        SFR15            00780-007EF              70           1
        SFR16            00800-0086F              70           1
        SFR17            00880-008EF              70           1
        SFR18            00900-0096F              70           1
        SFR19            00980-009EF              70           1
        SFR2             00100-0011F              20           1
        SFR20            00A00-00A6F              70           1
        SFR21            00A80-00AEF              70           1
        SFR22            00B00-00B6F              70           1
        SFR23            00B80-00BEF              70           1
        SFR24            00C00-00C6F              70           1
        SFR25            00C80-00CEF              70           1
        SFR26            00D00-00D6F              70           1
        SFR27            00D80-00DEF              70           1
        SFR28            00E00-00E6F              70           1
        SFR29            00E80-00EEF              70           1
        SFR3             00180-0019F              20           1
        SFR30            00F00-00F6F              70           1
        SFR31            00F80-00FEF              70           1
        SFR4             00200-0021F              20           1
        SFR5             00280-0029F              20           1
        SFR6             00300-0031F              20           1
        SFR7             00380-003EF              70           1
        SFR8             00400-0046F              70           1
        SFR9             00480-004EF              70           1
        STACK            0211E-02137              1A           1
        STRCODE          01000-01136             137           2
                         0185E-01FFF             7A2
        STRING           01000-01136             100           2
                         0185E-01FFF             100

                                  Symbol Table

?___wmul                                          cstackBANK0  00020
ActivateHandPosition@motor_no                     cstackBANK0  00022
AfterDetectedLoadPosition@motor_no                cstackBANK0  0003D
AfterDetectedLoadPosition@move_steps              cstackBANK0  00044
AfterDetectedLoadPosition@res                     cstackBANK0  00043
CalcMotorStepCounter@motor_bit                    cstackBANK0  00037
CalcMotorStepCounter@motor_no                     cstackBANK0  0003A
CalcMotorStepCounter@steps                        cstackBANK0  00038
ComparatorOff@motor_no                            cstackCOMMON 00075
ComparatorOn@motor_no                             cstackCOMMON 00075
CorrectPosition@max                               cstackBANK0  00028
CorrectPosition@pos                               cstackBANK0  00026
DeactivateHandPosition@motor_no                   cstackBANK0  00022
DetermineBasePosition@base_pos_index              cstackBANK0  00037
DetermineBasePosition@load_pos_type               cstackBANK0  00035
DetermineBasePosition@motor_no                    cstackBANK0  00038
GetIsMotorActive@motor_no                         cstackBANK0  00022
GetIsMotorActive@res                              cstackBANK0  00023
InitPositionSearch@i                              cstackBANK0  0002E
InitPositionSearch@motor_no                       cstackBANK0  0002F
InitPulsePositionTable@motor_no                   cstackBANK0  00021
MoveTargetPosition@motor_no                       cstackBANK0  0003C
PriorUpdateCorrentPosition@motor_no               cstackBANK0  0002F
SPIControl_ExecuteCommand@cmd_type                cstackBANK0  00043
SPIControl_ExecuteCommand@motor_select            cstackBANK0  00044
SPI_Open@spiUniqueConfiguration                   cstackBANK0  00023
SaveLoadPosition@i                                cstackBANK0  00037
SaveLoadPosition@motor_no                         cstackBANK0  00036
SetAfterDetectLoadFunc@func                       cstackBANK0  00020
SetAfterDetectLoadFunc@motor_no                   cstackBANK0  00022
SetAfterMotorStopFunc@func                        cstackBANK0  00020
SetAfterMotorStopFunc@motor_no                    cstackBANK0  00022
SetDriveType@drive_type                           cstackBANK0  00020
SetDriveType@motor_no                             cstackBANK0  00023
SetFwdPulseWithCorrectProc@motor_bit              cstackBANK0  00040
SetFwdPulseWithCorrectProc@motor_no               cstackBANK0  0003D
SetMotorAddShakePulse@motor_no                    cstackBANK0  00023
SetMotorAddShakePulse@sw                          cstackBANK0  00020
SetMotorBitMotorNo@motor_no                       cstackBANK0  00022
SetMotorCorrectPositionStart@motor_no             cstackBANK0  00032
SetMotorDirection@dir                             cstackBANK0  00020
SetMotorDirection@motor_no                        cstackBANK0  00023
SetMotorDisableExcitating@motor_no                cstackBANK0  00022
SetMotorEnableExcitating@motor_no                 cstackBANK0  00022
SetMotorFrequency@motor_no                        cstackBANK0  00023
SetMotorFrequency@set_freq                        cstackBANK0  00021
SetMotorFrequency@type                            cstackBANK0  00020
SetMotorPositionSearchStart@motor_no              cstackBANK0  00030
SetMotorStart@motor_no                            cstackBANK0  00021
SetMotorStepCounter@motor_no                      cstackBANK0  00032
SetMotorStepCounter@steps                         cstackBANK0  00030
SetMotorStop@motor_no                             cstackBANK0  00022
SpiCmdFunc_DisableExcitating@motor_no             cstackBANK0  0003D
SpiCmdFunc_EnableExcitating@motor_no              cstackBANK0  0003D
SpiCmdFunc_FwdPulseNormal@motor_no                cstackBANK0  0003D
SpiCmdFunc_FwdPulsePositionCtl@motor_no           cstackBANK0  0003D
SpiCmdFunc_FwdPulseWithCorrect@motor_no           cstackBANK0  0003D
SpiCmdFunc_RevPulseNormal@motor_no                cstackBANK0  0003D
SpiCmdFunc_RevPulsePositionCtl@motor_no           cstackBANK0  0003D
SpiCmdFunc_Search1008Position@motor_no            cstackBANK0  0003D
SpiCmdFunc_SearchBasePosition@motor_no            cstackBANK0  0003D
TMR1_SetInterruptHandler@InterruptHandler         cstackBANK0  00020
TMR1_WriteTimer@timerVal                          cstackCOMMON 00075
TMR2_SetInterruptHandler@InterruptHandler         cstackBANK0  00020
UpdataHandPosition@i                              cstackBANK0  00037
UpdataHandPosition@motor_no                       cstackBANK0  00038
UpdateCurrentPositionByFinePosition@diff          cstackBANK0  0002E
UpdateCurrentPositionByFinePosition@i             cstackBANK0  00030
UpdateCurrentPositionByFinePosition@motor_no      cstackBANK0  00031
UpdateTargetPosition@motor_no                     cstackBANK0  00031
UpdateTargetPosition@steps                        cstackBANK0  0002D
VerifyHandPosition_LoadPosition@curt_pos          cstackBANK0  00049
VerifyHandPosition_LoadPosition@i                 cstackBANK0  0004B
VerifyHandPosition_LoadPosition@load_pos          cstackBANK0  0004C
VerifyHandPosition_LoadPosition@misalignment_flag cstackBANK0  00048
VerifyHandPosition_LoadPosition@motor_no          cstackBANK0  0003D
VerifyHandPosition_LoadPosition@remain_steps      cstackBANK0  00046
VrsCheck@motor_no                                 cstackCOMMON 00076
WatchMotorDriveFinish@func                        cstackBANK2  0016A
_ANSELA                                           (abs)        0018C
_ANSELB                                           (abs)        0018D
_ANSELC                                           (abs)        0018E
_APFCON                                           (abs)        0011D
_ActivateHandPosition                             text40       0144F
_AfterDetectedLoadPosition                        text31       0005D
_BORCON                                           (abs)        00116
_CM1CON0                                          (abs)        00111
_CM1CON1                                          (abs)        00112
_CM2CON0                                          (abs)        00113
_CM2CON1                                          (abs)        00114
_CalcMotorStepCounter                             text62       005F0
_ComparatorOff                                    text127      01473
_ComparatorOn                                     text126      01651
_CorrectPosition                                  text65       0085E
_DACCON0                                          (abs)        00118
_DACCON1                                          (abs)        00119
_DAC_Initialize                                   text11       0115E
_DeactivateHandPosition                           text56       0143D
_DetermineBasePosition                            text39       00F5A
_ExcitatingOutOn                                  text50       0178C
_GetIsMotorActive                                 text60       014E8
_INTCONbits                                       (abs)        0000B
_INTERRUPT_InterruptManager                       intentry     00004
_InitPositionSearch                               text53       00E1A
_InitPulsePositionTable                           text75       0138C
_LATA                                             (abs)        0010C
_LATB                                             (abs)        0010D
_LATC                                             (abs)        0010E
_LATC0                                            (abs)        00870
_MoveTargetPosition                               text38       01486
_OPTION_REGbits                                   (abs)        00095
_OSCCON                                           (abs)        00099
_OSCILLATOR_Initialize                            text10       01164
_OutRequestFlug                                   bssBANK1     000D6
_OutTrisRequestFlug                               bssBANK1     000D5
_PIE1bits                                         (abs)        00091
_PIN_MANAGER_Initialize                           text9        015D0
_PIR1bits                                         (abs)        00011
_PIR2bits                                         (abs)        00012
_PR2                                              (abs)        0001B
_PriorUpdateCorrentPosition                       text64       0099E
_SPIControl_ExecuteCommand                        text42       00B1A
_SPIControl_RecieveComannd                        text13       01499
_SPIControl_SetNotification                       text30       0166D
_SPI_Initialize                                   text8        01190
_SPI_Open                                         text12       009EC
_SPI_ReadByte                                     text41       01143
_SSP1ADD                                          (abs)        00212
_SSP1BUF                                          (abs)        00211
_SSP1CON1                                         (abs)        00215
_SSP1CON1bits                                     (abs)        00215
_SSP1CON2                                         (abs)        00216
_SSP1STAT                                         (abs)        00214
_SYSTEM_Initialize                                text3        014FD
_SaveLoadPosition                                 text37       0077D
_SetAfterDetectLoadFunc                           text58       01186
_SetAfterMotorStopFunc                            text59       0117C
_SetDataTRISxWork_M0_SPK_POL0_OPEN                text110      01330
_SetDataTRISxWork_M0_SPK_POL0_SHORT               text109      01557
_SetDataTRISxWork_M0_SPK_POL1_OPEN                text107      0133F
_SetDataTRISxWork_M0_SPK_POL1_SHORT               text106      0156F
_SetDataTRISxWork_M1_SPK_POL0_OPEN                text90       0134E
_SetDataTRISxWork_M1_SPK_POL0_SHORT               text89       01587
_SetDataTRISxWork_M1_SPK_POL1_OPEN                text87       0135D
_SetDataTRISxWork_M1_SPK_POL1_SHORT               text86       0159F
_SetDataTRISxWork_SPK_OPEN                        text82       00898
_SetDataTRISxWork_SPK_SHORT                       text83       014D4
_SetDriveType                                     text72       00D86
_SetExcitatingOutOffData                          text46       016A5
_SetFwdPulseWithCorrectProc                       text15       00910
_SetMotorAddShakePulse                            text2        015E9
_SetMotorBitMotorNo                               text36       013AE
_SetMotorCorrectPositionStart                     text33       00809
_SetMotorDirection                                text71       015B7
_SetMotorDisableExcitating                        text74       01407
_SetMotorEnableExcitating                         text73       01419
_SetMotorFrequency                                text70       008D3
_SetMotorPositionSearchStart                      text52       016C2
_SetMotorStart                                    text66       01172
_SetMotorStartSPK                                 text47       017B0
_SetMotorStepCounter                              text63       01255
_SetMotorStop                                     text57       0142B
_SetMotorStopSPK                                  text43       01540
_SetOutPutLATX                                    text51       00AA8
_SetPulseOutLATxWork_M0_FWD_POL0_OFF              text118      01512
_SetPulseOutLATxWork_M0_FWD_POL0_P1               text122      012C7
_SetPulseOutLATxWork_M0_FWD_POL0_P2               text119      012F4
_SetPulseOutLATxWork_M0_FWD_POL1_OFF              text116      01529
_SetPulseOutLATxWork_M0_FWD_POL1_P1               text123      012B8
_SetPulseOutLATxWork_M0_FWD_POL1_P2               text117      01303
_SetPulseOutLATxWork_M0_REV_POL0_OFF              text114      0136C
_SetPulseOutLATxWork_M0_REV_POL0_P1               text120      012E5
_SetPulseOutLATxWork_M0_REV_POL0_P2               text115      01312
_SetPulseOutLATxWork_M0_REV_POL1_OFF              text112      0137C
_SetPulseOutLATxWork_M0_REV_POL1_P1               text121      012D6
_SetPulseOutLATxWork_M0_REV_POL1_P2               text113      01321
_SetPulseOutLATxWork_M0_SHAKE_POL0_OFF            text111      013BF
_SetPulseOutLATxWork_M0_SHAKE_POL0_P0             text124      012A9
_SetPulseOutLATxWork_M0_SHAKE_POL1_OFF            text108      013D1
_SetPulseOutLATxWork_M0_SHAKE_POL1_P0             text125      0129A
_SetPulseOutLATxWork_M1_FWD_POL0_OFF              text98       014AC
_SetPulseOutLATxWork_M1_FWD_POL0_P1               text102      011FA
_SetPulseOutLATxWork_M1_FWD_POL0_P2               text99       01221
_SetPulseOutLATxWork_M1_FWD_POL1_OFF              text96       014C0
_SetPulseOutLATxWork_M1_FWD_POL1_P1               text103      011ED
_SetPulseOutLATxWork_M1_FWD_POL1_P2               text97       0122E
_SetPulseOutLATxWork_M1_REV_POL0_OFF              text94       0126F
_SetPulseOutLATxWork_M1_REV_POL0_P1               text100      01214
_SetPulseOutLATxWork_M1_REV_POL0_P2               text95       0123B
_SetPulseOutLATxWork_M1_REV_POL1_OFF              text92       0127D
_SetPulseOutLATxWork_M1_REV_POL1_P1               text101      01207
_SetPulseOutLATxWork_M1_REV_POL1_P2               text93       01248
_SetPulseOutLATxWork_M1_SHAKE_POL0_OFF            text91       013E3
_SetPulseOutLATxWork_M1_SHAKE_POL0_P0             text104      011E0
_SetPulseOutLATxWork_M1_SHAKE_POL1_OFF            text88       013F5
_SetPulseOutLATxWork_M1_SHAKE_POL1_P0             text105      011D3
_SpiCmdFunc_DisableExcitating                     text17       01159
_SpiCmdFunc_EnableExcitating                      text18       01154
_SpiCmdFunc_FwdPulseNormal                        text28       01769
_SpiCmdFunc_FwdPulsePositionCtl                   text22       016E2
_SpiCmdFunc_FwdPulseWithCorrect                   text23       01689
_SpiCmdFunc_FwdPulseWithShake                     text26       0113A
_SpiCmdFunc_RevPulseNormal                        text27       01724
_SpiCmdFunc_RevPulsePositionCtl                   text21       01703
_SpiCmdFunc_Search1008Position                    text16       00833
_SpiCmdFunc_SearchBasePosition                    text24       017D7
_SpiCmdFunc_SearchLoadPosition                    text25       00800
_SpiCmdFunc_StartDetectVrs                        text20       01146
_SpiCmdFunc_StopDetectVrs                         text19       01149
_SpiCmdFunc_Test                                  text29       01139
_SpiCmmandFunction                                stringtext1  01800
_SpkComparatorOff                                 text45       01262
_SpkComparatorOn                                  text49       011B0
_StartPulseOutM0                                  text68       00B8D
_StartPulseOutM1                                  text67       00C03
_T1CON                                            (abs)        00018
_T1CONbits                                        (abs)        00018
_T1GCON                                           (abs)        00019
_T2CON                                            (abs)        0001C
_T2CONbits                                        (abs)        0001C
_TMR1H                                            (abs)        00017
_TMR1L                                            (abs)        00016
_TMR1_CallBack                                    text130      0119A
_TMR1_DefaultInterruptHandler                     text131      01137
_TMR1_ISR                                         text128      011BB
_TMR1_Initialize                                  text6        0161C
_TMR1_InterruptHandler                            nvBANK2      00164
_TMR1_SetInterruptHandler                         text7        00801
_TMR1_StopTimer                                   text1        00002
_TMR1_WriteTimer                                  text129      0128B
_TMR2                                             (abs)        0001A
_TMR2_CallBack                                    text78       011A5
_TMR2_DefaultInterruptHandler                     text80       01138
_TMR2_ISR                                         text77       0114C
_TMR2_Initialize                                  text5        01461
_TMR2_Interrupt                                   text79       003F9
_TMR2_InterruptHandler                            nvBANK2      00168
_TMR2_Interrupt_SPK                               text81       00950
_TMR2_SetInterruptHandler                         text48       0116A
_TMR2_StartTimer                                  text69       0113D
_TMR2_StopTimer                                   text44       01140
_TRISA                                            (abs)        0008C
_TRISB                                            (abs)        0008D
_TRISBbits                                        (abs)        0008D
_TRISC                                            (abs)        0008E
_TblM0PulseChangePosition                         stringtext3  01835
_TblM0PulseChangePositionLast                     bssBANK1     000ED
_TblM1PulseChangePosition                         stringtext2  0181C
_TblM1PulseChangePositionLast                     bssBANK1     000EC
_TblMaxSearchSteps                                stringtext5  01852
_TblMaxSteps                                      stringtext6  01856
_UpdataHandPosition                               text35       00EBA
_UpdateCurrentPositionByFinePosition              text34       00CF8
_UpdateTargetPosition                             text61       01746
_VerifyHandPosition_LoadPosition                  text32       006C0
_VrsCheck                                         text85       01602
_WDTCON                                           (abs)        00097
_WDT_Initialize                                   text4        01150
_WPUA                                             (abs)        0020C
_WPUB                                             (abs)        0020D
_WatchMotorDriveFinish                            text14       00C79
__Habs1                                           abs1         00000
__Hbank0                                          bank0        00000
__Hbank1                                          bank1        00000
__Hbank10                                         bank10       00000
__Hbank11                                         bank11       00000
__Hbank12                                         bank12       00000
__Hbank13                                         bank13       00000
__Hbank14                                         bank14       00000
__Hbank15                                         bank15       00000
__Hbank16                                         bank16       00000
__Hbank17                                         bank17       00000
__Hbank18                                         bank18       00000
__Hbank19                                         bank19       00000
__Hbank2                                          bank2        00000
__Hbank20                                         bank20       00000
__Hbank21                                         bank21       00000
__Hbank22                                         bank22       00000
__Hbank23                                         bank23       00000
__Hbank24                                         bank24       00000
__Hbank25                                         bank25       00000
__Hbank26                                         bank26       00000
__Hbank27                                         bank27       00000
__Hbank28                                         bank28       00000
__Hbank29                                         bank29       00000
__Hbank3                                          bank3        00000
__Hbank30                                         bank30       00000
__Hbank31                                         bank31       00000
__Hbank4                                          bank4        00000
__Hbank5                                          bank5        00000
__Hbank6                                          bank6        00000
__Hbank7                                          bank7        00000
__Hbank8                                          bank8        00000
__Hbank9                                          bank9        00000
__Hbigram                                         bigram       00000
__HbssBANK0                                       bssBANK0     00000
__HbssBANK1                                       bssBANK1     00000
__HbssBANK2                                       bssBANK2     00000
__HbssBANK3                                       bssBANK3     00000
__HbssCOMMON                                      bssCOMMON    00000
__Hcinit                                          cinit        0005D
__Hclrtext                                        clrtext      00000
__Hcode                                           code         00000
__Hcommon                                         common       00000
__Hconfig                                         config       08009
__HcstackBANK0                                    cstackBANK0  00000
__HcstackBANK2                                    cstackBANK2  00000
__HcstackCOMMON                                   cstackCOMMON 00000
__Heeprom_data                                    eeprom_data  00000
__Hend_init                                       end_init     0001E
__Hfunctab                                        functab      00000
__Hinit                                           init         0001C
__Hintentry                                       intentry     0001C
__Hmaintext                                       maintext     00000
__HnvBANK2                                        nvBANK2      00000
__Hpowerup                                        powerup      00000
__Hram                                            ram          00000
__Hreset_vec                                      reset_vec    00002
__Hsfr0                                           sfr0         00000
__Hsfr1                                           sfr1         00000
__Hsfr10                                          sfr10        00000
__Hsfr11                                          sfr11        00000
__Hsfr12                                          sfr12        00000
__Hsfr13                                          sfr13        00000
__Hsfr14                                          sfr14        00000
__Hsfr15                                          sfr15        00000
__Hsfr16                                          sfr16        00000
__Hsfr17                                          sfr17        00000
__Hsfr18                                          sfr18        00000
__Hsfr19                                          sfr19        00000
__Hsfr2                                           sfr2         00000
__Hsfr20                                          sfr20        00000
__Hsfr21                                          sfr21        00000
__Hsfr22                                          sfr22        00000
__Hsfr23                                          sfr23        00000
__Hsfr24                                          sfr24        00000
__Hsfr25                                          sfr25        00000
__Hsfr26                                          sfr26        00000
__Hsfr27                                          sfr27        00000
__Hsfr28                                          sfr28        00000
__Hsfr29                                          sfr29        00000
__Hsfr3                                           sfr3         00000
__Hsfr30                                          sfr30        00000
__Hsfr31                                          sfr31        00000
__Hsfr4                                           sfr4         00000
__Hsfr5                                           sfr5         00000
__Hsfr6                                           sfr6         00000
__Hsfr7                                           sfr7         00000
__Hsfr8                                           sfr8         00000
__Hsfr9                                           sfr9         00000
__Hspace_0                                        (abs)        0185E
__Hspace_1                                        (abs)        001CE
__Hspace_2                                        (abs)        00000
__Hspace_3                                        (abs)        00000
__Hspace_4                                        (abs)        10010
__Hstack                                          stack        00000
__Hstrings                                        strings      00000
__Hstringtext1                                    stringtext1  00000
__Hstringtext2                                    stringtext2  00000
__Hstringtext3                                    stringtext3  00000
__Hstringtext4                                    stringtext4  00000
__Hstringtext5                                    stringtext5  00000
__Hstringtext6                                    stringtext6  00000
__Hstringtext7                                    stringtext7  00000
__Htext                                           text         00000
__Labs1                                           abs1         00000
__Lbank0                                          bank0        00000
__Lbank1                                          bank1        00000
__Lbank10                                         bank10       00000
__Lbank11                                         bank11       00000
__Lbank12                                         bank12       00000
__Lbank13                                         bank13       00000
__Lbank14                                         bank14       00000
__Lbank15                                         bank15       00000
__Lbank16                                         bank16       00000
__Lbank17                                         bank17       00000
__Lbank18                                         bank18       00000
__Lbank19                                         bank19       00000
__Lbank2                                          bank2        00000
__Lbank20                                         bank20       00000
__Lbank21                                         bank21       00000
__Lbank22                                         bank22       00000
__Lbank23                                         bank23       00000
__Lbank24                                         bank24       00000
__Lbank25                                         bank25       00000
__Lbank26                                         bank26       00000
__Lbank27                                         bank27       00000
__Lbank28                                         bank28       00000
__Lbank29                                         bank29       00000
__Lbank3                                          bank3        00000
__Lbank30                                         bank30       00000
__Lbank31                                         bank31       00000
__Lbank4                                          bank4        00000
__Lbank5                                          bank5        00000
__Lbank6                                          bank6        00000
__Lbank7                                          bank7        00000
__Lbank8                                          bank8        00000
__Lbank9                                          bank9        00000
__Lbigram                                         bigram       00000
__LbssBANK0                                       bssBANK0     00000
__LbssBANK1                                       bssBANK1     00000
__LbssBANK2                                       bssBANK2     00000
__LbssBANK3                                       bssBANK3     00000
__LbssCOMMON                                      bssCOMMON    00000
__Lcinit                                          cinit        0001E
__Lclrtext                                        clrtext      00000
__Lcode                                           code         00000
__Lcommon                                         common       00000
__Lconfig                                         config       00000
__LcstackBANK0                                    cstackBANK0  00000
__LcstackBANK2                                    cstackBANK2  00000
__LcstackCOMMON                                   cstackCOMMON 00000
__Leeprom_data                                    eeprom_data  00000
__Lend_init                                       end_init     0001C
__Lfunctab                                        functab      00000
__Linit                                           init         0001C
__Lintentry                                       intentry     00004
__Lmaintext                                       maintext     00000
__LnvBANK2                                        nvBANK2      00000
__Lpowerup                                        powerup      00000
__Lram                                            ram          00000
__Lreset_vec                                      reset_vec    00000
__Lsfr0                                           sfr0         00000
__Lsfr1                                           sfr1         00000
__Lsfr10                                          sfr10        00000
__Lsfr11                                          sfr11        00000
__Lsfr12                                          sfr12        00000
__Lsfr13                                          sfr13        00000
__Lsfr14                                          sfr14        00000
__Lsfr15                                          sfr15        00000
__Lsfr16                                          sfr16        00000
__Lsfr17                                          sfr17        00000
__Lsfr18                                          sfr18        00000
__Lsfr19                                          sfr19        00000
__Lsfr2                                           sfr2         00000
__Lsfr20                                          sfr20        00000
__Lsfr21                                          sfr21        00000
__Lsfr22                                          sfr22        00000
__Lsfr23                                          sfr23        00000
__Lsfr24                                          sfr24        00000
__Lsfr25                                          sfr25        00000
__Lsfr26                                          sfr26        00000
__Lsfr27                                          sfr27        00000
[...]
 Hardware stack levels used:    1
 This function calls:
		Nothing
 This function is called by:
		_StartPulseOutM0
		_SetPulseOutLATxWork_M0_REV_POL0_OFF
		_TMR2_Interrupt
 This function uses a non-reentrant model


 *************** function _SetPulseOutLATxWork_M0_FWD_POL0_P1 *****************
 Defined at:
		line 3000 in file "MotorDrive.c"
 Parameters:    Size  Location     Type
		None
 Auto vars:     Size  Location     Type
		None
 Return value:  Size  Location     Type
                  1    wreg      void 
 Registers used:
		wreg, status,2
 Tracked objects:
		On entry : 
		On exit  : 
		Unchanged: 
 Data sizes:     COMMON   BANK0   BANK1   BANK2   BANK3   BANK4   BANK5   BANK6
      Params:         0       0       0       0       0       0       0       0
      Locals:         0       0       0       0       0       0       0       0
      Temps:          1       0       0       0       0       0       0       0
      Totals:         1       0       0       0       0       0       0       0
Total ram usage:        1 bytes
 Hardware stack levels used:    1
 This function calls:
		Nothing
 This function is called by:
		_StartPulseOutM0
		_SetPulseOutLATxWork_M0_FWD_POL1_OFF
		_SetDataTRISxWork_M0_SPK_POL0_SHORT
		_TMR2_Interrupt
 This function uses a non-reentrant model


 *************** function _SetPulseOutLATxWork_M0_FWD_POL1_P1 *****************
 Defined at:
		line 3045 in file "MotorDrive.c"
 Parameters:    Size  Location     Type
		None
 Auto vars:     Size  Location     Type
		None
 Return value:  Size  Location     Type
                  1    wreg      void 
 Registers used:
		wreg, status,2
 Tracked objects:
		On entry : 
		On exit  : 
		Unchanged: 
 Data sizes:     COMMON   BANK0   BANK1   BANK2   BANK3   BANK4   BANK5   BANK6
      Params:         0       0       0       0       0       0       0       0
      Locals:         0       0       0       0       0       0       0       0
      Temps:          1       0       0       0       0       0       0       0
      Totals:         1       0       0       0       0       0       0       0
Total ram usage:        1 bytes
 Hardware stack levels used:    1
 This function calls:
		Nothing
 This function is called by:
		_StartPulseOutM0
		_SetPulseOutLATxWork_M0_FWD_POL0_OFF
		_SetDataTRISxWork_M0_SPK_POL1_SHORT
		_TMR2_Interrupt
 This function uses a non-reentrant model


 *************** function _SetPulseOutLATxWork_M0_SHAKE_POL0_P0 *****************
 Defined at:
		line 3339 in file "MotorDrive.c"
 Parameters:    Size  Location     Type
		None
 Auto vars:     Size  Location     Type
		None
 Return value:  Size  Location     Type
                  1    wreg      void 
 Registers used:
		wreg, status,2
 Tracked objects:
		On entry : 
		On exit  : 
		Unchanged: 
 Data sizes:     COMMON   BANK0   BANK1   BANK2   BANK3   BANK4   BANK5   BANK6
      Params:         0       0       0       0       0       0       0       0
      Locals:         0       0       0       0       0       0       0       0
      Temps:          1       0       0       0       0       0       0       0
      Totals:         1       0       0       0       0       0       0       0
Total ram usage:        1 bytes
 Hardware stack levels used:    1
 This function calls:
		Nothing
 This function is called by:
		_StartPulseOutM0
		_SetPulseOutLATxWork_M0_FWD_POL1_OFF
		_TMR2_Interrupt
 This function uses a non-reentrant model


 *************** function _SetPulseOutLATxWork_M0_SHAKE_POL1_P0 *****************
 Defined at:
		line 3402 in file "MotorDrive.c"
 Parameters:    Size  Location     Type
		None
 Auto vars:     Size  Location     Type
		None
 Return value:  Size  Location     Type
                  1    wreg      void 
 Registers used:
		wreg, status,2
 Tracked objects:
		On entry : 
		On exit  : 
		Unchanged: 
 Data sizes:     COMMON   BANK0   BANK1   BANK2   BANK3   BANK4   BANK5   BANK6
      Params:         0       0       0       0       0       0       0       0
      Locals:         0       0       0       0       0       0       0       0
      Temps:          1       0       0       0       0       0       0       0
      Totals:         1       0       0       0       0       0       0       0
Total ram usage:        1 bytes
 Hardware stack levels used:    1
 This function calls:
		Nothing
 This function is called by:
		_StartPulseOutM0
		_SetPulseOutLATxWork_M0_FWD_POL0_OFF
		_TMR2_Interrupt
 This function uses a non-reentrant model


 *************** function _ComparatorOn *****************
 Defined at:
		line 2669 in file "MotorDrive.c"
 Parameters:    Size  Location     Type
  motor_no        1    wreg     unsigned char 
 Auto vars:     Size  Location     Type
  motor_no        1    0[COMMON] unsigned char 
 Return value:  Size  Location     Type
                  1    wreg      void 
 Registers used:
		wreg, status,2, status,0
 Tracked objects:
		On entry : 
		On exit  : 
		Unchanged: 
 Data sizes:     COMMON   BANK0   BANK1   BANK2   BANK3   BANK4   BANK5   BANK6
      Params:         0       0       0       0       0       0       0       0
      Locals:         1       0       0       0       0       0       0       0
      Temps:          0       0       0       0       0       0       0       0
      Totals:         1       0       0       0       0       0       0       0
Total ram usage:        1 bytes
 Hardware stack levels used:    1
 This function calls:
		Nothing
 This function is called by:
		_TMR2_Interrupt
 This function uses a non-reentrant model


 *************** function _ComparatorOff *****************
 Defined at:
		line 2650 in file "MotorDrive.c"
 Parameters:    Size  Location     Type
  motor_no        1    wreg     unsigned char 
 Auto vars:     Size  Location     Type
  motor_no        1    0[COMMON] unsigned char 
 Return value:  Size  Location     Type
                  1    wreg      void 
 Registers used:
		wreg, status,2, status,0
 Tracked objects:
		On entry : 
		On exit  : 
		Unchanged: 
 Data sizes:     COMMON   BANK0   BANK1   BANK2   BANK3   BANK4   BANK5   BANK6
      Params:         0       0       0       0       0       0       0       0
      Locals:         1       0       0       0       0       0       0       0
      Temps:          0       0       0       0       0       0       0       0
      Totals:         1       0       0       0       0       0       0       0
Total ram usage:        1 bytes
 Hardware stack levels used:    1
 This function calls:
		Nothing
 This function is called by:
		_TMR2_Interrupt
 This function uses a non-reentrant model


 *************** function _TMR1_ISR *****************
 Defined at:
		line 157 in file "mcc_generated_files/tmr1.c"
 Parameters:    Size  Location     Type
		None
 Auto vars:     Size  Location     Type
		None
 Return value:  Size  Location     Type
                  1    wreg      void 
 Registers used:
		wreg, status,2, status,0, pclath, cstack
 Tracked objects:
		On entry : 
		On exit  : 
		Unchanged: 
 Data sizes:     COMMON   BANK0   BANK1   BANK2   BANK3   BANK4   BANK5   BANK6
      Params:         0       0       0       0       0       0       0       0
      Locals:         0       0       0       0       0       0       0       0
      Temps:          0       0       0       0       0       0       0       0
      Totals:         0       0       0       0       0       0       0       0
Total ram usage:        0 bytes
 Hardware stack levels used:    1
 Hardware stack levels required when called:    2
 This function calls:
		_TMR1_CallBack
		_TMR1_WriteTimer
 This function is called by:
		_INTERRUPT_InterruptManager
 This function uses a non-reentrant model


 *************** function _TMR1_WriteTimer *****************
 Defined at:
		line 120 in file "mcc_generated_files/tmr1.c"
 Parameters:    Size  Location     Type
  timerVal        2    0[COMMON] unsigned short 
 Auto vars:     Size  Location     Type
		None
 Return value:  Size  Location     Type
                  1    wreg      void 
 Registers used:
		wreg
 Tracked objects:
		On entry : 
		On exit  : 
		Unchanged: 
 Data sizes:     COMMON   BANK0   BANK1   BANK2   BANK3   BANK4   BANK5   BANK6
      Params:         2       0       0       0       0       0       0       0
      Locals:         0       0       0       0       0       0       0       0
      Temps:          0       0       0       0       0       0       0       0
      Totals:         2       0       0       0       0       0       0       0
Total ram usage:        2 bytes
 Hardware stack levels used:    1
 This function calls:
		Nothing
 This function is called by:
		_TMR1_ISR
 This function uses a non-reentrant model


 *************** function _TMR1_CallBack *****************
 Defined at:
		line 169 in file "mcc_generated_files/tmr1.c"
 Parameters:    Size  Location     Type
		None
 Auto vars:     Size  Location     Type
		None
 Return value:  Size  Location     Type
                  1    wreg      void 
 Registers used:
		wreg, status,2, status,0, pclath, cstack
 Tracked objects:
		On entry : 
		On exit  : 
		Unchanged: 
 Data sizes:     COMMON   BANK0   BANK1   BANK2   BANK3   BANK4   BANK5   BANK6
      Params:         0       0       0       0       0       0       0       0
      Locals:         0       0       0       0       0       0       0       0
      Temps:          0       0       0       0       0       0       0       0
      Totals:         0       0       0       0       0       0       0       0
Total ram usage:        0 bytes
 Hardware stack levels used:    1
 Hardware stack levels required when called:    1
 This function calls:
		Absolute function
		_TMR1_DefaultInterruptHandler
 This function is called by:
		_TMR1_ISR
 This function uses a non-reentrant model


 *************** function _TMR1_DefaultInterruptHandler *****************
 Defined at:
		line 182 in file "mcc_generated_files/tmr1.c"
 Parameters:    Size  Location     Type
		None
 Auto vars:     Size  Location     Type
		None
 Return value:  Size  Location     Type
                  1    wreg      void 
 Registers used:
		None
 Tracked objects:
		On entry : 
		On exit  : 
		Unchanged: 
 Data sizes:     COMMON   BANK0   BANK1   BANK2   BANK3   BANK4   BANK5   BANK6
      Params:         0       0       0       0       0       0       0       0
      Locals:         0       0       0       0       0       0       0       0
      Temps:          0       0       0       0       0       0       0       0
      Totals:         0       0       0       0       0       0       0       0
Total ram usage:        0 bytes
 Hardware stack levels used:    1
 This function calls:
		Nothing
 This function is called by:
		_TMR1_Initialize
		_TMR1_CallBack
 This function uses a non-reentrant model



MODULE INFORMATION

Module		Function		Class		Link	Load	Size
mcc_generated_files/tmr2.c
		_TMR2_ISR      		CODE           	114C	0000	5
		_TMR2_Initialize		CODE           	1461	0000	19
		_TMR2_SetInterruptHandler		CODE           	116A	0000	9
		_TMR2_StopTimer		CODE           	1140	0000	4
		_TMR2_DefaultInterruptHandler		CODE           	1138	0000	2
		_TMR2_CallBack 		CODE           	11A5	0000	12
		_TMR2_StartTimer		CODE           	113D	0000	4

mcc_generated_files/tmr2.c estimated size: 55

mcc_generated_files/interrupt_manager.c
		_INTERRUPT_InterruptManager		CODE           	0004	0000	25

mcc_generated_files/interrupt_manager.c estimated size: 25

C:\Program Files\Microchip\xc8\v2.20\pic\sources\c99\common\Umul16.c
		___wmul        		CODE           	1636	0000	28

C:\Program Files\Microchip\xc8\v2.20\pic\sources\c99\common\Umul16.c estimated size: 28

mcc_generated_files/pin_manager.c
		_PIN_MANAGER_Initialize		CODE           	15D0	0000	26

mcc_generated_files/pin_manager.c estimated size: 26

spi_control.c
		_SpiCmdFunc_EnableExcitating		CODE           	1154	0000	6
		_SpiCmdFunc_SearchBasePosition		CODE           	17D7	0000	42
		_SpiCmdFunc_FwdPulseNormal		CODE           	1769	0000	36
		_SpiCmdFunc_RevPulseNormal		CODE           	1724	0000	35
		_SPIControl_RecieveComannd		CODE           	1499	0000	20
		_SpiCmdFunc_Search1008Position		CODE           	0833	0000	44
		_SpiCmdFunc_FwdPulsePositionCtl		CODE           	16E2	0000	34
		_SpiCmdFunc_FwdPulseWithShake		CODE           	113A	0000	2
		_SpiCmdFunc_RevPulsePositionCtl		CODE           	1703	0000	34
		_SpiCmdFunc_SearchLoadPosition		CODE           	0800	0000	2
		_SetFwdPulseWithCorrectProc		CODE           	0910	0000	65
		_SpiCmdFunc_StopDetectVrs		CODE           	1149	0000	4
		_SPIControl_ExecuteCommand		CODE           	0B1A	0000	116
		_SpiCmdFunc_FwdPulseWithCorrect		CODE           	1689	0000	29
		_SpiCmdFunc_Test		CODE           	1139	0000	2
		_SPIControl_SetNotification		CODE           	166D	0000	29
		_SpiCmdFunc_DisableExcitating		CODE           	1159	0000	6
		_SpiCmdFunc_StartDetectVrs		CODE           	1146	0000	4

spi_control.c estimated size: 510

mcc_generated_files/spi.c
		_SPI_Open      		CODE           	09EC	0000	87
		_SPI_ReadByte  		CODE           	1143	0000	4
		_SPI_Initialize		CODE           	1190	0000	11

mcc_generated_files/spi.c estimated size: 102

shared
		_offsetBasePosition		STRCODE        	184E	0000	5
		_TblM0PulseChangePosition		STRCODE        	1835	0000	26
		_TblMaxSteps   		STRCODE        	1856	0000	5
		__initialization		CODE           	001E	0000	60
		_TblM1PulseChangePosition		STRCODE        	181C	0000	26
		_spi_configuration		STRCODE        	185A	0000	5
		i1_TMR2_StopTimer		CODE           	113B	0000	3
		_TblMaxSearchSteps		STRCODE        	1852	0000	5
		_SpiCmmandFunction		STRCODE        	1800	0000	29

shared estimated size: 164

mcc_generated_files/mcc.c
		_WDT_Initialize		CODE           	1150	0000	5
		_OSCILLATOR_Initialize		CODE           	1164	0000	7
		_SYSTEM_Initialize		CODE           	14FD	0000	22

mcc_generated_files/mcc.c estimated size: 34

mcc_generated_files/tmr1.c
		_TMR1_Initialize		CODE           	161C	0000	27
		_TMR1_SetInterruptHandler		CODE           	0801	0000	9
		_TMR1_StopTimer		CODE           	0002	0000	3
		_TMR1_DefaultInterruptHandler		CODE           	1137	0000	2
		_TMR1_CallBack 		CODE           	119A	0000	12
		_TMR1_WriteTimer		CODE           	128B	0000	16
		_TMR1_ISR      		CODE           	11BB	0000	13

mcc_generated_files/tmr1.c estimated size: 82

MotorDrive.c
		_MoveTargetPosition		CODE           	1486	0000	20
		_SetPulseOutLATxWork_M1_FWD_POL0_P1		CODE           	11FA	0000	14
		_SetPulseOutLATxWork_M1_REV_POL0_P1		CODE           	1214	0000	14
		_SetPulseOutLATxWork_M1_FWD_POL1_P1		CODE           	11ED	0000	14
		_SetPulseOutLATxWork_M1_REV_POL1_P1		CODE           	1207	0000	14
		_SetAfterMotorStopFunc		CODE           	117C	0000	11
		_GetIsMotorActive		CODE           	14E8	0000	22
		_SetPulseOutLATxWork_M1_FWD_POL0_P2		CODE           	1221	0000	14
		_SetPulseOutLATxWork_M1_REV_POL0_P2		CODE           	123B	0000	14
		_SetPulseOutLATxWork_M1_FWD_POL1_P2		CODE           	122E	0000	14
		_SetPulseOutLATxWork_M1_REV_POL1_P2		CODE           	1248	0000	14
		_WatchMotorDriveFinish		CODE           	0C79	0000	128
		_TMR2_Interrupt_SPK		CODE           	0950	0000	79
		_SetOutPutLATX 		CODE           	0AA8	0000	115
		_InitPulsePositionTable		CODE           	138C	0000	18
		_SetPulseOutLATxWork_M1_SHAKE_POL0_OFF		CODE           	13E3	0000	19
		_SetPulseOutLATxWork_M1_SHAKE_POL1_OFF		CODE           	13F5	0000	19
		_SetPulseOutLATxWork_M0_FWD_POL0_OFF		CODE           	1512	0000	24
		_SetPulseOutLATxWork_M0_REV_POL0_OFF		CODE           	136C	0000	17
		_SetPulseOutLATxWork_M0_FWD_POL1_OFF		CODE           	1529	0000	24
		_SetPulseOutLATxWork_M0_REV_POL1_OFF		CODE           	137C	0000	17
		_SetMotorStop  		CODE           	142B	0000	19
		_ComparatorOn  		CODE           	1651	0000	29
		_InitPositionSearch		CODE           	0E1A	0000	161
		_SetPulseOutLATxWork_M1_SHAKE_POL0_P0		CODE           	11E0	0000	14
		_SetPulseOutLATxWork_M1_SHAKE_POL1_P0		CODE           	11D3	0000	14
		_CalcMotorStepCounter		CODE           	05F0	0000	209
		_SetMotorStart 		CODE           	1172	0000	11
		_ComparatorOff 		CODE           	1473	0000	20
		_SetMotorPositionSearchStart		CODE           	16C2	0000	33
		_ActivateHandPosition		CODE           	144F	0000	19
		_SetMotorCorrectPositionStart		CODE           	0809	0000	43
		_SetDataTRISxWork_M0_SPK_POL0_SHORT		CODE           	1557	0000	25
		_SetDataTRISxWork_M0_SPK_POL1_SHORT		CODE           	156F	0000	25
		_SetDataTRISxWork_M1_SPK_POL0_SHORT		CODE           	1587	0000	25
		_SetDataTRISxWork_M1_SPK_POL1_SHORT		CODE           	159F	0000	25
		_ExcitatingOutOn		CODE           	178C	0000	37
		_SetDataTRISxWork_M0_SPK_POL0_OPEN		CODE           	1330	0000	16
		_SetDataTRISxWork_M0_SPK_POL1_OPEN		CODE           	133F	0000	16
		_UpdateTargetPosition		CODE           	1746	0000	36
		_SetDataTRISxWork_M1_SPK_POL0_OPEN		CODE           	134E	0000	16
		_SetDataTRISxWork_M1_SPK_POL1_OPEN		CODE           	135D	0000	16
		_DeactivateHandPosition		CODE           	143D	0000	19
		_SpkComparatorOff		CODE           	1262	0000	14
		_SetMotorDirection		CODE           	15B7	0000	26
		_SetMotorAddShakePulse		CODE           	15E9	0000	26
		_SetPulseOutLATxWork_M1_FWD_POL0_OFF		CODE           	14AC	0000	21
		_SetPulseOutLATxWork_M1_REV_POL0_OFF		CODE           	126F	0000	15
		_SetPulseOutLATxWork_M1_FWD_POL1_OFF		CODE           	14C0	0000	21
		_SetPulseOutLATxWork_M1_REV_POL1_OFF		CODE           	127D	0000	15
		_SetMotorFrequency		CODE           	08D3	0000	62
		_SetMotorBitMotorNo		CODE           	13AE	0000	18
		_SetMotorStopSPK		CODE           	1540	0000	24
		_SetDataTRISxWork_SPK_SHORT		CODE           	14D4	0000	21
		_SetMotorStepCounter		CODE           	1255	0000	14
		_UpdataHandPosition		CODE           	0EBA	0000	161
		_SetMotorEnableExcitating		CODE           	1419	0000	19
		_SetPulseOutLATxWork_M0_FWD_POL0_P1		CODE           	12C7	0000	16
		_SetPulseOutLATxWork_M0_REV_POL0_P1		CODE           	12E5	0000	16
		_SetPulseOutLATxWork_M0_FWD_POL1_P1		CODE           	12B8	0000	16
		_SetPulseOutLATxWork_M0_REV_POL1_P1		CODE           	12D6	0000	16
		_SetDataTRISxWork_SPK_OPEN		CODE           	0898	0000	60
		_CorrectPosition		CODE           	085E	0000	59
		_SetPulseOutLATxWork_M0_FWD_POL0_P2		CODE           	12F4	0000	16
		_SetPulseOutLATxWork_M0_REV_POL0_P2		CODE           	1312	0000	16
		_SetPulseOutLATxWork_M0_FWD_POL1_P2		CODE           	1303	0000	16
		_SetPulseOutLATxWork_M0_REV_POL1_P2		CODE           	1321	0000	16
		_DetermineBasePosition		CODE           	0F5A	0000	167
		_SetMotorDisableExcitating		CODE           	1407	0000	19
		_SetExcitatingOutOffData		CODE           	16A5	0000	30
		_StartPulseOutM0		CODE           	0B8D	0000	119
		_StartPulseOutM1		CODE           	0C03	0000	119
		_SetPulseOutLATxWork_M0_SHAKE_POL0_OFF		CODE           	13BF	0000	19
		_SetPulseOutLATxWork_M0_SHAKE_POL1_OFF		CODE           	13D1	0000	19
		_AfterDetectedLoadPosition		CODE           	005D	0000	925
		_PriorUpdateCorrentPosition		CODE           	099E	0000	79
		_TMR2_Interrupt		CODE           	03F9	0000	504
		_SetPulseOutLATxWork_M0_SHAKE_POL0_P0		CODE           	12A9	0000	16
		_VrsCheck      		CODE           	1602	0000	27
		_SetPulseOutLATxWork_M0_SHAKE_POL1_P0		CODE           	129A	0000	16
		_SpkComparatorOn		CODE           	11B0	0000	12
		_SetDriveType  		CODE           	0D86	0000	149
		_SetAfterDetectLoadFunc		CODE           	1186	0000	11
		_SaveLoadPosition		CODE           	077D	0000	132
		_SetMotorStartSPK		CODE           	17B0	0000	40
		_VerifyHandPosition_LoadPosition		CODE           	06C0	0000	190
		_UpdateCurrentPositionByFinePosition		CODE           	0CF8	0000	143

MotorDrive.c estimated size: 4893

mcc_generated_files/dac.c
		_DAC_Initialize		CODE           	115E	0000	7

mcc_generated_files/dac.c estimated size: 7

main.c
		_main          		CODE           	0A42	0000	103

main.c estimated size: 103

C:\Program Files\Microchip\xc8\v2.20\pic\sources\c99\common\Umul8.c
		___bmul        		CODE           	139D	0000	18

C:\Program Files\Microchip\xc8\v2.20\pic\sources\c99\common\Umul8.c estimated size: 18

